// Jest Snapshot v1, https://goo.gl/fbAQLP

exports[`Render HowToSubmit, matches snapshot 1`] = `
ShallowWrapper {
  "length": 1,
  Symbol(enzyme.__root__): [Circular],
  Symbol(enzyme.__unrendered__): <Unknown />,
  Symbol(enzyme.__renderer__): Object {
    "batchedUpdates": [Function],
    "getNode": [Function],
    "render": [Function],
    "simulateEvent": [Function],
    "unmount": [Function],
  },
  Symbol(enzyme.__node__): Object {
    "instance": null,
    "key": undefined,
    "nodeType": "host",
    "props": Object {
      "children": Array [
        <h3>
          How to submit.
</h3>,
        <Unknown
          alt="A short demo of the submission process to Analog.Cafe"
          src="https://res.cloudinary.com/analog-cafe/image/upload/v1528904759/image-froth_1010453_425a5704760c4879b31e008315c3047c.gif"
>
          The “Composer” tool will help you create and send submissions.
</Unknown>,
        <p>
          <em>
                    <strong>
                              First:
                    </strong>
          </em>
           
          go to
           
          <em>
                    <Unknown
                              to="/submit/compose"
                    >
                              Submit Now
                    </Unknown>
          </em>
           
          page and start creating your submission with text and images. As you edit, your work is saved automatically.
</p>,
        <p>
          <em>
                    <strong>
                              Then:
                    </strong>
          </em>
           
          make sure that your submission has at least one image: JPG or PNG. It must also include a title and text.
</p>,
        <p>
          <em>
                    <strong>
                              Finally:
                    </strong>
          </em>
           
          click “send!”
</p>,
      ],
    },
    "ref": null,
    "rendered": Array [
      Object {
        "instance": null,
        "key": undefined,
        "nodeType": "host",
        "props": Object {
          "children": "How to submit.",
        },
        "ref": null,
        "rendered": "How to submit.",
        "type": "h3",
      },
      Object {
        "instance": null,
        "key": undefined,
        "nodeType": "function",
        "props": Object {
          "alt": "A short demo of the submission process to Analog.Cafe",
          "children": "The “Composer” tool will help you create and send submissions.",
          "src": "https://res.cloudinary.com/analog-cafe/image/upload/v1528904759/image-froth_1010453_425a5704760c4879b31e008315c3047c.gif",
        },
        "ref": null,
        "rendered": "The “Composer” tool will help you create and send submissions.",
        "type": [Function],
      },
      Object {
        "instance": null,
        "key": undefined,
        "nodeType": "host",
        "props": Object {
          "children": Array [
            <em>
              <strong>
                            First:
              </strong>
</em>,
            " ",
            "go to",
            " ",
            <em>
              <Unknown
                            to="/submit/compose"
              >
                            Submit Now
              </Unknown>
</em>,
            " ",
            "page and start creating your submission with text and images. As you edit, your work is saved automatically.",
          ],
        },
        "ref": null,
        "rendered": Array [
          Object {
            "instance": null,
            "key": undefined,
            "nodeType": "host",
            "props": Object {
              "children": <strong>
                First:
</strong>,
            },
            "ref": null,
            "rendered": Object {
              "instance": null,
              "key": undefined,
              "nodeType": "host",
              "props": Object {
                "children": "First:",
              },
              "ref": null,
              "rendered": "First:",
              "type": "strong",
            },
            "type": "em",
          },
          " ",
          "go to",
          " ",
          Object {
            "instance": null,
            "key": undefined,
            "nodeType": "host",
            "props": Object {
              "children": <Unknown
                to="/submit/compose"
>
                Submit Now
</Unknown>,
            },
            "ref": null,
            "rendered": Object {
              "instance": null,
              "key": undefined,
              "nodeType": "function",
              "props": Object {
                "children": "Submit Now",
                "to": "/submit/compose",
              },
              "ref": null,
              "rendered": "Submit Now",
              "type": [Function],
            },
            "type": "em",
          },
          " ",
          "page and start creating your submission with text and images. As you edit, your work is saved automatically.",
        ],
        "type": "p",
      },
      Object {
        "instance": null,
        "key": undefined,
        "nodeType": "host",
        "props": Object {
          "children": Array [
            <em>
              <strong>
                            Then:
              </strong>
</em>,
            " ",
            "make sure that your submission has at least one image: JPG or PNG. It must also include a title and text.",
          ],
        },
        "ref": null,
        "rendered": Array [
          Object {
            "instance": null,
            "key": undefined,
            "nodeType": "host",
            "props": Object {
              "children": <strong>
                Then:
</strong>,
            },
            "ref": null,
            "rendered": Object {
              "instance": null,
              "key": undefined,
              "nodeType": "host",
              "props": Object {
                "children": "Then:",
              },
              "ref": null,
              "rendered": "Then:",
              "type": "strong",
            },
            "type": "em",
          },
          " ",
          "make sure that your submission has at least one image: JPG or PNG. It must also include a title and text.",
        ],
        "type": "p",
      },
      Object {
        "instance": null,
        "key": undefined,
        "nodeType": "host",
        "props": Object {
          "children": Array [
            <em>
              <strong>
                            Finally:
              </strong>
</em>,
            " ",
            "click “send!”",
          ],
        },
        "ref": null,
        "rendered": Array [
          Object {
            "instance": null,
            "key": undefined,
            "nodeType": "host",
            "props": Object {
              "children": <strong>
                Finally:
</strong>,
            },
            "ref": null,
            "rendered": Object {
              "instance": null,
              "key": undefined,
              "nodeType": "host",
              "props": Object {
                "children": "Finally:",
              },
              "ref": null,
              "rendered": "Finally:",
              "type": "strong",
            },
            "type": "em",
          },
          " ",
          "click “send!”",
        ],
        "type": "p",
      },
    ],
    "type": "div",
  },
  Symbol(enzyme.__nodes__): Array [
    Object {
      "instance": null,
      "key": undefined,
      "nodeType": "host",
      "props": Object {
        "children": Array [
          <h3>
            How to submit.
</h3>,
          <Unknown
            alt="A short demo of the submission process to Analog.Cafe"
            src="https://res.cloudinary.com/analog-cafe/image/upload/v1528904759/image-froth_1010453_425a5704760c4879b31e008315c3047c.gif"
>
            The “Composer” tool will help you create and send submissions.
</Unknown>,
          <p>
            <em>
                        <strong>
                                    First:
                        </strong>
            </em>
             
            go to
             
            <em>
                        <Unknown
                                    to="/submit/compose"
                        >
                                    Submit Now
                        </Unknown>
            </em>
             
            page and start creating your submission with text and images. As you edit, your work is saved automatically.
</p>,
          <p>
            <em>
                        <strong>
                                    Then:
                        </strong>
            </em>
             
            make sure that your submission has at least one image: JPG or PNG. It must also include a title and text.
</p>,
          <p>
            <em>
                        <strong>
                                    Finally:
                        </strong>
            </em>
             
            click “send!”
</p>,
        ],
      },
      "ref": null,
      "rendered": Array [
        Object {
          "instance": null,
          "key": undefined,
          "nodeType": "host",
          "props": Object {
            "children": "How to submit.",
          },
          "ref": null,
          "rendered": "How to submit.",
          "type": "h3",
        },
        Object {
          "instance": null,
          "key": undefined,
          "nodeType": "function",
          "props": Object {
            "alt": "A short demo of the submission process to Analog.Cafe",
            "children": "The “Composer” tool will help you create and send submissions.",
            "src": "https://res.cloudinary.com/analog-cafe/image/upload/v1528904759/image-froth_1010453_425a5704760c4879b31e008315c3047c.gif",
          },
          "ref": null,
          "rendered": "The “Composer” tool will help you create and send submissions.",
          "type": [Function],
        },
        Object {
          "instance": null,
          "key": undefined,
          "nodeType": "host",
          "props": Object {
            "children": Array [
              <em>
                <strong>
                                First:
                </strong>
</em>,
              " ",
              "go to",
              " ",
              <em>
                <Unknown
                                to="/submit/compose"
                >
                                Submit Now
                </Unknown>
</em>,
              " ",
              "page and start creating your submission with text and images. As you edit, your work is saved automatically.",
            ],
          },
          "ref": null,
          "rendered": Array [
            Object {
              "instance": null,
              "key": undefined,
              "nodeType": "host",
              "props": Object {
                "children": <strong>
                  First:
</strong>,
              },
              "ref": null,
              "rendered": Object {
                "instance": null,
                "key": undefined,
                "nodeType": "host",
                "props": Object {
                  "children": "First:",
                },
                "ref": null,
                "rendered": "First:",
                "type": "strong",
              },
              "type": "em",
            },
            " ",
            "go to",
            " ",
            Object {
              "instance": null,
              "key": undefined,
              "nodeType": "host",
              "props": Object {
                "children": <Unknown
                  to="/submit/compose"
>
                  Submit Now
</Unknown>,
              },
              "ref": null,
              "rendered": Object {
                "instance": null,
                "key": undefined,
                "nodeType": "function",
                "props": Object {
                  "children": "Submit Now",
                  "to": "/submit/compose",
                },
                "ref": null,
                "rendered": "Submit Now",
                "type": [Function],
              },
              "type": "em",
            },
            " ",
            "page and start creating your submission with text and images. As you edit, your work is saved automatically.",
          ],
          "type": "p",
        },
        Object {
          "instance": null,
          "key": undefined,
          "nodeType": "host",
          "props": Object {
            "children": Array [
              <em>
                <strong>
                                Then:
                </strong>
</em>,
              " ",
              "make sure that your submission has at least one image: JPG or PNG. It must also include a title and text.",
            ],
          },
          "ref": null,
          "rendered": Array [
            Object {
              "instance": null,
              "key": undefined,
              "nodeType": "host",
              "props": Object {
                "children": <strong>
                  Then:
</strong>,
              },
              "ref": null,
              "rendered": Object {
                "instance": null,
                "key": undefined,
                "nodeType": "host",
                "props": Object {
                  "children": "Then:",
                },
                "ref": null,
                "rendered": "Then:",
                "type": "strong",
              },
              "type": "em",
            },
            " ",
            "make sure that your submission has at least one image: JPG or PNG. It must also include a title and text.",
          ],
          "type": "p",
        },
        Object {
          "instance": null,
          "key": undefined,
          "nodeType": "host",
          "props": Object {
            "children": Array [
              <em>
                <strong>
                                Finally:
                </strong>
</em>,
              " ",
              "click “send!”",
            ],
          },
          "ref": null,
          "rendered": Array [
            Object {
              "instance": null,
              "key": undefined,
              "nodeType": "host",
              "props": Object {
                "children": <strong>
                  Finally:
</strong>,
              },
              "ref": null,
              "rendered": Object {
                "instance": null,
                "key": undefined,
                "nodeType": "host",
                "props": Object {
                  "children": "Finally:",
                },
                "ref": null,
                "rendered": "Finally:",
                "type": "strong",
              },
              "type": "em",
            },
            " ",
            "click “send!”",
          ],
          "type": "p",
        },
      ],
      "type": "div",
    },
  ],
  Symbol(enzyme.__options__): Object {
    "adapter": ReactSixteenAdapter {
      "options": Object {
        "enableComponentDidUpdateOnSetState": true,
      },
    },
  },
}
`;
