// Jest Snapshot v1, https://goo.gl/fbAQLP

exports[`Render Submit, matches snapshot 1`] = `
ShallowWrapper {
  Symbol(enzyme.__root__): [Circular],
  Symbol(enzyme.__unrendered__): <Unknown />,
  Symbol(enzyme.__renderer__): Object {
    "batchedUpdates": [Function],
    "checkPropTypes": [Function],
    "getNode": [Function],
    "render": [Function],
    "simulateError": [Function],
    "simulateEvent": [Function],
    "unmount": [Function],
  },
  Symbol(enzyme.__node__): Object {
    "instance": null,
    "key": undefined,
    "nodeType": "class",
    "props": Object {
      "children": Array [
        <Unknown
          metaDescription="Photos shot on film, 200+ words, your topic. No fees, no deadlines, easy submissions, free editorial reviews."
          metaImage="https://res.cloudinary.com/analog-cafe/image/upload/c_scale,fl_progressive,w_1268/image-froth_1533636_rygH__d9kQ.jpg"
          metaTitle="Photo essays, articles, reviews"
/>,
        <Unknown
          pageSubtitle="Photo essays, articles, reviews"
          pageTitle="Submit"
/>,
        <Body />,
      ],
    },
    "ref": null,
    "rendered": Array [
      Object {
        "instance": null,
        "key": undefined,
        "nodeType": "function",
        "props": Object {
          "metaDescription": "Photos shot on film, 200+ words, your topic. No fees, no deadlines, easy submissions, free editorial reviews.",
          "metaImage": "https://res.cloudinary.com/analog-cafe/image/upload/c_scale,fl_progressive,w_1268/image-froth_1533636_rygH__d9kQ.jpg",
          "metaTitle": "Photo essays, articles, reviews",
        },
        "ref": null,
        "rendered": null,
        "type": [Function],
      },
      Object {
        "instance": null,
        "key": undefined,
        "nodeType": "function",
        "props": Object {
          "pageSubtitle": "Photo essays, articles, reviews",
          "pageTitle": "Submit",
        },
        "ref": null,
        "rendered": null,
        "type": [Function],
      },
      Object {
        "instance": null,
        "key": undefined,
        "nodeType": "function",
        "props": Object {},
        "ref": null,
        "rendered": null,
        "type": [Function],
      },
    ],
    "type": [Function],
  },
  Symbol(enzyme.__nodes__): Array [
    Object {
      "instance": null,
      "key": undefined,
      "nodeType": "class",
      "props": Object {
        "children": Array [
          <Unknown
            metaDescription="Photos shot on film, 200+ words, your topic. No fees, no deadlines, easy submissions, free editorial reviews."
            metaImage="https://res.cloudinary.com/analog-cafe/image/upload/c_scale,fl_progressive,w_1268/image-froth_1533636_rygH__d9kQ.jpg"
            metaTitle="Photo essays, articles, reviews"
/>,
          <Unknown
            pageSubtitle="Photo essays, articles, reviews"
            pageTitle="Submit"
/>,
          <Body />,
        ],
      },
      "ref": null,
      "rendered": Array [
        Object {
          "instance": null,
          "key": undefined,
          "nodeType": "function",
          "props": Object {
            "metaDescription": "Photos shot on film, 200+ words, your topic. No fees, no deadlines, easy submissions, free editorial reviews.",
            "metaImage": "https://res.cloudinary.com/analog-cafe/image/upload/c_scale,fl_progressive,w_1268/image-froth_1533636_rygH__d9kQ.jpg",
            "metaTitle": "Photo essays, articles, reviews",
          },
          "ref": null,
          "rendered": null,
          "type": [Function],
        },
        Object {
          "instance": null,
          "key": undefined,
          "nodeType": "function",
          "props": Object {
            "pageSubtitle": "Photo essays, articles, reviews",
            "pageTitle": "Submit",
          },
          "ref": null,
          "rendered": null,
          "type": [Function],
        },
        Object {
          "instance": null,
          "key": undefined,
          "nodeType": "function",
          "props": Object {},
          "ref": null,
          "rendered": null,
          "type": [Function],
        },
      ],
      "type": [Function],
    },
  ],
  Symbol(enzyme.__options__): Object {
    "adapter": ReactSixteenAdapter {
      "options": Object {
        "enableComponentDidUpdateOnSetState": true,
        "legacyContextMode": "parent",
        "lifecycles": Object {
          "componentDidUpdate": Object {
            "onSetState": true,
          },
          "getChildContext": Object {
            "calledByRenderer": false,
          },
          "getDerivedStateFromError": true,
          "getDerivedStateFromProps": Object {
            "hasShouldComponentUpdateBug": false,
          },
          "getSnapshotBeforeUpdate": true,
          "setState": Object {
            "skipsComponentDidUpdateOnNullish": true,
          },
        },
      },
    },
  },
}
`;
