// Jest Snapshot v1, https://goo.gl/fbAQLP

exports[`Render Submit, matches snapshot 1`] = `
ShallowWrapper {
  "length": 1,
  Symbol(enzyme.__root__): [Circular],
  Symbol(enzyme.__unrendered__): <Unknown />,
  Symbol(enzyme.__renderer__): Object {
    "batchedUpdates": [Function],
    "getNode": [Function],
    "render": [Function],
    "simulateEvent": [Function],
    "unmount": [Function],
  },
  Symbol(enzyme.__node__): Object {
    "instance": null,
    "key": undefined,
    "nodeType": "class",
    "props": Object {
      "children": Array [
        <Unknown
          metaDescription="Submit film photography essays, stories, guides, and reviews to be featured on Analog.Cafe."
          metaImage="https://res.cloudinary.com/analog-cafe/image/upload/c_scale,fl_progressive,w_1268/image-froth_1533636_rygH__d9kQ.jpg"
          metaTitle="Submit"
/>,
        <Unknown
          pageSubtitle="Photo Essays, Stories, Guides, Reviews"
          pageTitle="Submit"
/>,
        <styled.section>
          <h3>
                    Get £5 for film.
          </h3>
          <p>
                    As a small token of appreciation for your time, skill and talent,

                    <Connect(ModalLauncher)
                              with={
                                        Object {
                                                  "id": "hints/qualifying-submission",
                                                  "info": Object {
                                                    "buttons": Array [
                                                      Object {
                                                        "branded": true,
                                                        "text": "Submit Now",
                                                        "to": "/submit/compose",
                                                      },
                                                    ],
                                                    "text": <span>
                                                      Submissions with compelling stories or informative guides, with quality images, shot on film. Best way to tell what’s acceptable is to
                                                      <Unknown
                                                                    to="/"
                                                      >
                                                                    browse
                                                      </Unknown>
                                                       Analog.Cafe content.
                                                      <br />
                                                      <br />
                                                      Remarkably, the current acceptance rate on Analog.Cafe is 85% – so your chances are looking good.
                                        </span>,
                                                    "title": "What Qualifies?",
                                                  },
                                                }
                              }
                    >
                              qualifying
                    </Connect(ModalLauncher)>

                    submissions will receive an exclusive coupon for £5 from

                    <Unknown
                              to="https://analoguewonderland.co.uk/"
                    >
                              Analogue Wonderland
                    </Unknown>
                    ’s incredible selection of over 180 film stocks.
          </p>
          <p>
                    <strong>
                              There’s a

                              <Connect(ModalLauncher)
                                        with={
                                                  Object {
                                                            "id": "hints/how-many-coupons-left",
                                                            "info": Object {
                                                              "buttons": Array [
                                                                Object {
                                                                  "branded": true,
                                                                  "text": "Submit Now",
                                                                  "to": "/submit/compose",
                                                                },
                                                              ],
                                                              "image": "image-froth_1511062_ByvHiFXdX",
                                                              "text": <span>
                                                                There are only

                                                                <strong>
                                                                              <PureComponent
                                                                                            from="promotions"
                                                                                            id="coupons-left"
                                                                              />

                                                                              coupons left
                                                                </strong>
                                                                !
                                                  </span>,
                                                              "title": "How Many Coupons Left?",
                                                            },
                                                          }
                                        }
                              >
                                        limited number
                              </Connect(ModalLauncher)>

                              of coupons available.
                    </strong>
          </p>
          <div
                    style={
                              Object {
                                        "textAlign": "center",
                                      }
                    }
          >
                    <Unknown
                              branded={true}
                              to="/submit/compose"
                    >
                              Submit Now
                    </Unknown>
          </div>
          <hr />
          <Unknown />
          <styled.div>
                    <p>
                              <em>
                                        We’ll take care of the grammar.
                              </em>
                    </p>
                    <Unknown
                              branded={true}
                              to="/submit/compose"
                    >
                              Submit Now
                    </Unknown>
                    <p>
                              <em>
                                        - or -
                              </em>
                    </p>
                    <p>
                              <Unknown
                                        to="/sign-in"
                              >
                                        <strong>
                                                  Sign in
                                        </strong>
                              </Unknown>

                              if you have an account.
                    </p>
          </styled.div>
</styled.section>,
      ],
    },
    "ref": null,
    "rendered": Array [
      Object {
        "instance": null,
        "key": undefined,
        "nodeType": "function",
        "props": Object {
          "metaDescription": "Submit film photography essays, stories, guides, and reviews to be featured on Analog.Cafe.",
          "metaImage": "https://res.cloudinary.com/analog-cafe/image/upload/c_scale,fl_progressive,w_1268/image-froth_1533636_rygH__d9kQ.jpg",
          "metaTitle": "Submit",
        },
        "ref": null,
        "rendered": null,
        "type": [Function],
      },
      Object {
        "instance": null,
        "key": undefined,
        "nodeType": "function",
        "props": Object {
          "pageSubtitle": "Photo Essays, Stories, Guides, Reviews",
          "pageTitle": "Submit",
        },
        "ref": null,
        "rendered": null,
        "type": [Function],
      },
      Object {
        "instance": null,
        "key": undefined,
        "nodeType": "class",
        "props": Object {
          "children": Array [
            <h3>
              Get £5 for film.
</h3>,
            <p>
              As a small token of appreciation for your time, skill and talent,

              <Connect(ModalLauncher)
                            with={
                                          Object {
                                                        "id": "hints/qualifying-submission",
                                                        "info": Object {
                                                          "buttons": Array [
                                                            Object {
                                                              "branded": true,
                                                              "text": "Submit Now",
                                                              "to": "/submit/compose",
                                                            },
                                                          ],
                                                          "text": <span>
                                                            Submissions with compelling stories or informative guides, with quality images, shot on film. Best way to tell what’s acceptable is to
                                                            <Unknown
                                                                              to="/"
                                                            >
                                                                              browse
                                                            </Unknown>
                                                             Analog.Cafe content.
                                                            <br />
                                                            <br />
                                                            Remarkably, the current acceptance rate on Analog.Cafe is 85% – so your chances are looking good.
                                          </span>,
                                                          "title": "What Qualifies?",
                                                        },
                                                      }
                            }
              >
                            qualifying
              </Connect(ModalLauncher)>

              submissions will receive an exclusive coupon for £5 from

              <Unknown
                            to="https://analoguewonderland.co.uk/"
              >
                            Analogue Wonderland
              </Unknown>
              ’s incredible selection of over 180 film stocks.
</p>,
            <p>
              <strong>
                            There’s a

                            <Connect(ModalLauncher)
                                          with={
                                                        Object {
                                                                      "id": "hints/how-many-coupons-left",
                                                                      "info": Object {
                                                                        "buttons": Array [
                                                                          Object {
                                                                            "branded": true,
                                                                            "text": "Submit Now",
                                                                            "to": "/submit/compose",
                                                                          },
                                                                        ],
                                                                        "image": "image-froth_1511062_ByvHiFXdX",
                                                                        "text": <span>
                                                                          There are only

                                                                          <strong>
                                                                                            <PureComponent
                                                                                                              from="promotions"
                                                                                                              id="coupons-left"
                                                                                            />

                                                                                            coupons left
                                                                          </strong>
                                                                          !
                                                        </span>,
                                                                        "title": "How Many Coupons Left?",
                                                                      },
                                                                    }
                                          }
                            >
                                          limited number
                            </Connect(ModalLauncher)>

                            of coupons available.
              </strong>
</p>,
            <div
              style={
                            Object {
                                          "textAlign": "center",
                                        }
              }
>
              <Unknown
                            branded={true}
                            to="/submit/compose"
              >
                            Submit Now
              </Unknown>
</div>,
            <hr />,
            <Unknown />,
            <styled.div>
              <p>
                            <em>
                                          We’ll take care of the grammar.
                            </em>
              </p>
              <Unknown
                            branded={true}
                            to="/submit/compose"
              >
                            Submit Now
              </Unknown>
              <p>
                            <em>
                                          - or -
                            </em>
              </p>
              <p>
                            <Unknown
                                          to="/sign-in"
                            >
                                          <strong>
                                                        Sign in
                                          </strong>
                            </Unknown>

                            if you have an account.
              </p>
</styled.div>,
          ],
        },
        "ref": null,
        "rendered": Array [
          Object {
            "instance": null,
            "key": undefined,
            "nodeType": "host",
            "props": Object {
              "children": "Get £5 for film.",
            },
            "ref": null,
            "rendered": "Get £5 for film.",
            "type": "h3",
          },
          Object {
            "instance": null,
            "key": undefined,
            "nodeType": "host",
            "props": Object {
              "children": Array [
                "As a small token of appreciation for your time, skill and talent,",
                " ",
                <Connect(ModalLauncher)
                  with={
                                    Object {
                                                      "id": "hints/qualifying-submission",
                                                      "info": Object {
                                                        "buttons": Array [
                                                          Object {
                                                            "branded": true,
                                                            "text": "Submit Now",
                                                            "to": "/submit/compose",
                                                          },
                                                        ],
                                                        "text": <span>
                                                          Submissions with compelling stories or informative guides, with quality images, shot on film. Best way to tell what’s acceptable is to
                                                          <Unknown
                                                                                to="/"
                                                          >
                                                                                browse
                                                          </Unknown>
                                                           Analog.Cafe content.
                                                          <br />
                                                          <br />
                                                          Remarkably, the current acceptance rate on Analog.Cafe is 85% – so your chances are looking good.
                                    </span>,
                                                        "title": "What Qualifies?",
                                                      },
                                                    }
                  }
>
                  qualifying
</Connect(ModalLauncher)>,
                " ",
                "submissions will receive an exclusive coupon for £5 from",
                " ",
                <Unknown
                  to="https://analoguewonderland.co.uk/"
>
                  Analogue Wonderland
</Unknown>,
                "’s incredible selection of over 180 film stocks.",
              ],
            },
            "ref": null,
            "rendered": Array [
              "As a small token of appreciation for your time, skill and talent,",
              " ",
              Object {
                "instance": null,
                "key": undefined,
                "nodeType": "class",
                "props": Object {
                  "children": "qualifying",
                  "with": Object {
                    "id": "hints/qualifying-submission",
                    "info": Object {
                      "buttons": Array [
                        Object {
                          "branded": true,
                          "text": "Submit Now",
                          "to": "/submit/compose",
                        },
                      ],
                      "text": <span>
                        Submissions with compelling stories or informative guides, with quality images, shot on film. Best way to tell what’s acceptable is to
                        <Unknown
                                                to="/"
                        >
                                                browse
                        </Unknown>
                         Analog.Cafe content.
                        <br />
                        <br />
                        Remarkably, the current acceptance rate on Analog.Cafe is 85% – so your chances are looking good.
</span>,
                      "title": "What Qualifies?",
                    },
                  },
                },
                "ref": null,
                "rendered": "qualifying",
                "type": [Function],
              },
              " ",
              "submissions will receive an exclusive coupon for £5 from",
              " ",
              Object {
                "instance": null,
                "key": undefined,
                "nodeType": "function",
                "props": Object {
                  "children": "Analogue Wonderland",
                  "to": "https://analoguewonderland.co.uk/",
                },
                "ref": null,
                "rendered": "Analogue Wonderland",
                "type": [Function],
              },
              "’s incredible selection of over 180 film stocks.",
            ],
            "type": "p",
          },
          Object {
            "instance": null,
            "key": undefined,
            "nodeType": "host",
            "props": Object {
              "children": <strong>
                There’s a

                <Connect(ModalLauncher)
                                with={
                                                Object {
                                                                "id": "hints/how-many-coupons-left",
                                                                "info": Object {
                                                                  "buttons": Array [
                                                                    Object {
                                                                      "branded": true,
                                                                      "text": "Submit Now",
                                                                      "to": "/submit/compose",
                                                                    },
                                                                  ],
                                                                  "image": "image-froth_1511062_ByvHiFXdX",
                                                                  "text": <span>
                                                                    There are only

                                                                    <strong>
                                                                                        <PureComponent
                                                                                                            from="promotions"
                                                                                                            id="coupons-left"
                                                                                        />

                                                                                        coupons left
                                                                    </strong>
                                                                    !
                                                </span>,
                                                                  "title": "How Many Coupons Left?",
                                                                },
                                                              }
                                }
                >
                                limited number
                </Connect(ModalLauncher)>

                of coupons available.
</strong>,
            },
            "ref": null,
            "rendered": Object {
              "instance": null,
              "key": undefined,
              "nodeType": "host",
              "props": Object {
                "children": Array [
                  "There’s a",
                  " ",
                  <Connect(ModalLauncher)
                    with={
                                        Object {
                                                            "id": "hints/how-many-coupons-left",
                                                            "info": Object {
                                                              "buttons": Array [
                                                                Object {
                                                                  "branded": true,
                                                                  "text": "Submit Now",
                                                                  "to": "/submit/compose",
                                                                },
                                                              ],
                                                              "image": "image-froth_1511062_ByvHiFXdX",
                                                              "text": <span>
                                                                There are only

                                                                <strong>
                                                                                        <PureComponent
                                                                                                                from="promotions"
                                                                                                                id="coupons-left"
                                                                                        />

                                                                                        coupons left
                                                                </strong>
                                                                !
                                        </span>,
                                                              "title": "How Many Coupons Left?",
                                                            },
                                                          }
                    }
>
                    limited number
</Connect(ModalLauncher)>,
                  " ",
                  "of coupons available.",
                ],
              },
              "ref": null,
              "rendered": Array [
                "There’s a",
                " ",
                Object {
                  "instance": null,
                  "key": undefined,
                  "nodeType": "class",
                  "props": Object {
                    "children": "limited number",
                    "with": Object {
                      "id": "hints/how-many-coupons-left",
                      "info": Object {
                        "buttons": Array [
                          Object {
                            "branded": true,
                            "text": "Submit Now",
                            "to": "/submit/compose",
                          },
                        ],
                        "image": "image-froth_1511062_ByvHiFXdX",
                        "text": <span>
                          There are only

                          <strong>
                                                    <PureComponent
                                                                              from="promotions"
                                                                              id="coupons-left"
                                                    />

                                                    coupons left
                          </strong>
                          !
</span>,
                        "title": "How Many Coupons Left?",
                      },
                    },
                  },
                  "ref": null,
                  "rendered": "limited number",
                  "type": [Function],
                },
                " ",
                "of coupons available.",
              ],
              "type": "strong",
            },
            "type": "p",
          },
          Object {
            "instance": null,
            "key": undefined,
            "nodeType": "host",
            "props": Object {
              "children": <Unknown
                branded={true}
                to="/submit/compose"
>
                Submit Now
</Unknown>,
              "style": Object {
                "textAlign": "center",
              },
            },
            "ref": null,
            "rendered": Object {
              "instance": null,
              "key": undefined,
              "nodeType": "function",
              "props": Object {
                "branded": true,
                "children": "Submit Now",
                "to": "/submit/compose",
              },
              "ref": null,
              "rendered": "Submit Now",
              "type": [Function],
            },
            "type": "div",
          },
          Object {
            "instance": null,
            "key": undefined,
            "nodeType": "host",
            "props": Object {},
            "ref": null,
            "rendered": null,
            "type": "hr",
          },
          Object {
            "instance": null,
            "key": undefined,
            "nodeType": "function",
            "props": Object {},
            "ref": null,
            "rendered": null,
            "type": [Function],
          },
          Object {
            "instance": null,
            "key": undefined,
            "nodeType": "class",
            "props": Object {
              "children": Array [
                <p>
                  <em>
                                    We’ll take care of the grammar.
                  </em>
</p>,
                <Unknown
                  branded={true}
                  to="/submit/compose"
>
                  Submit Now
</Unknown>,
                <p>
                  <em>
                                    - or -
                  </em>
</p>,
                <p>
                  <Unknown
                                    to="/sign-in"
                  >
                                    <strong>
                                                      Sign in
                                    </strong>
                  </Unknown>

                  if you have an account.
</p>,
              ],
            },
            "ref": null,
            "rendered": Array [
              Object {
                "instance": null,
                "key": undefined,
                "nodeType": "host",
                "props": Object {
                  "children": <em>
                    We’ll take care of the grammar.
</em>,
                },
                "ref": null,
                "rendered": Object {
                  "instance": null,
                  "key": undefined,
                  "nodeType": "host",
                  "props": Object {
                    "children": "We’ll take care of the grammar.",
                  },
                  "ref": null,
                  "rendered": "We’ll take care of the grammar.",
                  "type": "em",
                },
                "type": "p",
              },
              Object {
                "instance": null,
                "key": undefined,
                "nodeType": "function",
                "props": Object {
                  "branded": true,
                  "children": "Submit Now",
                  "to": "/submit/compose",
                },
                "ref": null,
                "rendered": "Submit Now",
                "type": [Function],
              },
              Object {
                "instance": null,
                "key": undefined,
                "nodeType": "host",
                "props": Object {
                  "children": <em>
                    - or -
</em>,
                },
                "ref": null,
                "rendered": Object {
                  "instance": null,
                  "key": undefined,
                  "nodeType": "host",
                  "props": Object {
                    "children": "- or -",
                  },
                  "ref": null,
                  "rendered": "- or -",
                  "type": "em",
                },
                "type": "p",
              },
              Object {
                "instance": null,
                "key": undefined,
                "nodeType": "host",
                "props": Object {
                  "children": Array [
                    <Unknown
                      to="/sign-in"
>
                      <strong>
                                            Sign in
                      </strong>
</Unknown>,
                    " ",
                    "if you have an account.",
                  ],
                },
                "ref": null,
                "rendered": Array [
                  Object {
                    "instance": null,
                    "key": undefined,
                    "nodeType": "function",
                    "props": Object {
                      "children": <strong>
                        Sign in
</strong>,
                      "to": "/sign-in",
                    },
                    "ref": null,
                    "rendered": Object {
                      "instance": null,
                      "key": undefined,
                      "nodeType": "host",
                      "props": Object {
                        "children": "Sign in",
                      },
                      "ref": null,
                      "rendered": "Sign in",
                      "type": "strong",
                    },
                    "type": [Function],
                  },
                  " ",
                  "if you have an account.",
                ],
                "type": "p",
              },
            ],
            "type": [Function],
          },
        ],
        "type": [Function],
      },
    ],
    "type": [Function],
  },
  Symbol(enzyme.__nodes__): Array [
    Object {
      "instance": null,
      "key": undefined,
      "nodeType": "class",
      "props": Object {
        "children": Array [
          <Unknown
            metaDescription="Submit film photography essays, stories, guides, and reviews to be featured on Analog.Cafe."
            metaImage="https://res.cloudinary.com/analog-cafe/image/upload/c_scale,fl_progressive,w_1268/image-froth_1533636_rygH__d9kQ.jpg"
            metaTitle="Submit"
/>,
          <Unknown
            pageSubtitle="Photo Essays, Stories, Guides, Reviews"
            pageTitle="Submit"
/>,
          <styled.section>
            <h3>
                        Get £5 for film.
            </h3>
            <p>
                        As a small token of appreciation for your time, skill and talent,

                        <Connect(ModalLauncher)
                                    with={
                                                Object {
                                                            "id": "hints/qualifying-submission",
                                                            "info": Object {
                                                              "buttons": Array [
                                                                Object {
                                                                  "branded": true,
                                                                  "text": "Submit Now",
                                                                  "to": "/submit/compose",
                                                                },
                                                              ],
                                                              "text": <span>
                                                                Submissions with compelling stories or informative guides, with quality images, shot on film. Best way to tell what’s acceptable is to
                                                                <Unknown
                                                                                to="/"
                                                                >
                                                                                browse
                                                                </Unknown>
                                                                 Analog.Cafe content.
                                                                <br />
                                                                <br />
                                                                Remarkably, the current acceptance rate on Analog.Cafe is 85% – so your chances are looking good.
                                                </span>,
                                                              "title": "What Qualifies?",
                                                            },
                                                          }
                                    }
                        >
                                    qualifying
                        </Connect(ModalLauncher)>

                        submissions will receive an exclusive coupon for £5 from

                        <Unknown
                                    to="https://analoguewonderland.co.uk/"
                        >
                                    Analogue Wonderland
                        </Unknown>
                        ’s incredible selection of over 180 film stocks.
            </p>
            <p>
                        <strong>
                                    There’s a

                                    <Connect(ModalLauncher)
                                                with={
                                                            Object {
                                                                        "id": "hints/how-many-coupons-left",
                                                                        "info": Object {
                                                                          "buttons": Array [
                                                                            Object {
                                                                              "branded": true,
                                                                              "text": "Submit Now",
                                                                              "to": "/submit/compose",
                                                                            },
                                                                          ],
                                                                          "image": "image-froth_1511062_ByvHiFXdX",
                                                                          "text": <span>
                                                                            There are only

                                                                            <strong>
                                                                                            <PureComponent
                                                                                                            from="promotions"
                                                                                                            id="coupons-left"
                                                                                            />

                                                                                            coupons left
                                                                            </strong>
                                                                            !
                                                            </span>,
                                                                          "title": "How Many Coupons Left?",
                                                                        },
                                                                      }
                                                }
                                    >
                                                limited number
                                    </Connect(ModalLauncher)>

                                    of coupons available.
                        </strong>
            </p>
            <div
                        style={
                                    Object {
                                                "textAlign": "center",
                                              }
                        }
            >
                        <Unknown
                                    branded={true}
                                    to="/submit/compose"
                        >
                                    Submit Now
                        </Unknown>
            </div>
            <hr />
            <Unknown />
            <styled.div>
                        <p>
                                    <em>
                                                We’ll take care of the grammar.
                                    </em>
                        </p>
                        <Unknown
                                    branded={true}
                                    to="/submit/compose"
                        >
                                    Submit Now
                        </Unknown>
                        <p>
                                    <em>
                                                - or -
                                    </em>
                        </p>
                        <p>
                                    <Unknown
                                                to="/sign-in"
                                    >
                                                <strong>
                                                            Sign in
                                                </strong>
                                    </Unknown>

                                    if you have an account.
                        </p>
            </styled.div>
</styled.section>,
        ],
      },
      "ref": null,
      "rendered": Array [
        Object {
          "instance": null,
          "key": undefined,
          "nodeType": "function",
          "props": Object {
            "metaDescription": "Submit film photography essays, stories, guides, and reviews to be featured on Analog.Cafe.",
            "metaImage": "https://res.cloudinary.com/analog-cafe/image/upload/c_scale,fl_progressive,w_1268/image-froth_1533636_rygH__d9kQ.jpg",
            "metaTitle": "Submit",
          },
          "ref": null,
          "rendered": null,
          "type": [Function],
        },
        Object {
          "instance": null,
          "key": undefined,
          "nodeType": "function",
          "props": Object {
            "pageSubtitle": "Photo Essays, Stories, Guides, Reviews",
            "pageTitle": "Submit",
          },
          "ref": null,
          "rendered": null,
          "type": [Function],
        },
        Object {
          "instance": null,
          "key": undefined,
          "nodeType": "class",
          "props": Object {
            "children": Array [
              <h3>
                Get £5 for film.
</h3>,
              <p>
                As a small token of appreciation for your time, skill and talent,

                <Connect(ModalLauncher)
                                with={
                                                Object {
                                                                "id": "hints/qualifying-submission",
                                                                "info": Object {
                                                                  "buttons": Array [
                                                                    Object {
                                                                      "branded": true,
                                                                      "text": "Submit Now",
                                                                      "to": "/submit/compose",
                                                                    },
                                                                  ],
                                                                  "text": <span>
                                                                    Submissions with compelling stories or informative guides, with quality images, shot on film. Best way to tell what’s acceptable is to
                                                                    <Unknown
                                                                                        to="/"
                                                                    >
                                                                                        browse
                                                                    </Unknown>
                                                                     Analog.Cafe content.
                                                                    <br />
                                                                    <br />
                                                                    Remarkably, the current acceptance rate on Analog.Cafe is 85% – so your chances are looking good.
                                                </span>,
                                                                  "title": "What Qualifies?",
                                                                },
                                                              }
                                }
                >
                                qualifying
                </Connect(ModalLauncher)>

                submissions will receive an exclusive coupon for £5 from

                <Unknown
                                to="https://analoguewonderland.co.uk/"
                >
                                Analogue Wonderland
                </Unknown>
                ’s incredible selection of over 180 film stocks.
</p>,
              <p>
                <strong>
                                There’s a

                                <Connect(ModalLauncher)
                                                with={
                                                                Object {
                                                                                "id": "hints/how-many-coupons-left",
                                                                                "info": Object {
                                                                                  "buttons": Array [
                                                                                    Object {
                                                                                      "branded": true,
                                                                                      "text": "Submit Now",
                                                                                      "to": "/submit/compose",
                                                                                    },
                                                                                  ],
                                                                                  "image": "image-froth_1511062_ByvHiFXdX",
                                                                                  "text": <span>
                                                                                    There are only

                                                                                    <strong>
                                                                                                        <PureComponent
                                                                                                                            from="promotions"
                                                                                                                            id="coupons-left"
                                                                                                        />

                                                                                                        coupons left
                                                                                    </strong>
                                                                                    !
                                                                </span>,
                                                                                  "title": "How Many Coupons Left?",
                                                                                },
                                                                              }
                                                }
                                >
                                                limited number
                                </Connect(ModalLauncher)>

                                of coupons available.
                </strong>
</p>,
              <div
                style={
                                Object {
                                                "textAlign": "center",
                                              }
                }
>
                <Unknown
                                branded={true}
                                to="/submit/compose"
                >
                                Submit Now
                </Unknown>
</div>,
              <hr />,
              <Unknown />,
              <styled.div>
                <p>
                                <em>
                                                We’ll take care of the grammar.
                                </em>
                </p>
                <Unknown
                                branded={true}
                                to="/submit/compose"
                >
                                Submit Now
                </Unknown>
                <p>
                                <em>
                                                - or -
                                </em>
                </p>
                <p>
                                <Unknown
                                                to="/sign-in"
                                >
                                                <strong>
                                                                Sign in
                                                </strong>
                                </Unknown>

                                if you have an account.
                </p>
</styled.div>,
            ],
          },
          "ref": null,
          "rendered": Array [
            Object {
              "instance": null,
              "key": undefined,
              "nodeType": "host",
              "props": Object {
                "children": "Get £5 for film.",
              },
              "ref": null,
              "rendered": "Get £5 for film.",
              "type": "h3",
            },
            Object {
              "instance": null,
              "key": undefined,
              "nodeType": "host",
              "props": Object {
                "children": Array [
                  "As a small token of appreciation for your time, skill and talent,",
                  " ",
                  <Connect(ModalLauncher)
                    with={
                                        Object {
                                                            "id": "hints/qualifying-submission",
                                                            "info": Object {
                                                              "buttons": Array [
                                                                Object {
                                                                  "branded": true,
                                                                  "text": "Submit Now",
                                                                  "to": "/submit/compose",
                                                                },
                                                              ],
                                                              "text": <span>
                                                                Submissions with compelling stories or informative guides, with quality images, shot on film. Best way to tell what’s acceptable is to
                                                                <Unknown
                                                                                        to="/"
                                                                >
                                                                                        browse
                                                                </Unknown>
                                                                 Analog.Cafe content.
                                                                <br />
                                                                <br />
                                                                Remarkably, the current acceptance rate on Analog.Cafe is 85% – so your chances are looking good.
                                        </span>,
                                                              "title": "What Qualifies?",
                                                            },
                                                          }
                    }
>
                    qualifying
</Connect(ModalLauncher)>,
                  " ",
                  "submissions will receive an exclusive coupon for £5 from",
                  " ",
                  <Unknown
                    to="https://analoguewonderland.co.uk/"
>
                    Analogue Wonderland
</Unknown>,
                  "’s incredible selection of over 180 film stocks.",
                ],
              },
              "ref": null,
              "rendered": Array [
                "As a small token of appreciation for your time, skill and talent,",
                " ",
                Object {
                  "instance": null,
                  "key": undefined,
                  "nodeType": "class",
                  "props": Object {
                    "children": "qualifying",
                    "with": Object {
                      "id": "hints/qualifying-submission",
                      "info": Object {
                        "buttons": Array [
                          Object {
                            "branded": true,
                            "text": "Submit Now",
                            "to": "/submit/compose",
                          },
                        ],
                        "text": <span>
                          Submissions with compelling stories or informative guides, with quality images, shot on film. Best way to tell what’s acceptable is to
                          <Unknown
                                                    to="/"
                          >
                                                    browse
                          </Unknown>
                           Analog.Cafe content.
                          <br />
                          <br />
                          Remarkably, the current acceptance rate on Analog.Cafe is 85% – so your chances are looking good.
</span>,
                        "title": "What Qualifies?",
                      },
                    },
                  },
                  "ref": null,
                  "rendered": "qualifying",
                  "type": [Function],
                },
                " ",
                "submissions will receive an exclusive coupon for £5 from",
                " ",
                Object {
                  "instance": null,
                  "key": undefined,
                  "nodeType": "function",
                  "props": Object {
                    "children": "Analogue Wonderland",
                    "to": "https://analoguewonderland.co.uk/",
                  },
                  "ref": null,
                  "rendered": "Analogue Wonderland",
                  "type": [Function],
                },
                "’s incredible selection of over 180 film stocks.",
              ],
              "type": "p",
            },
            Object {
              "instance": null,
              "key": undefined,
              "nodeType": "host",
              "props": Object {
                "children": <strong>
                  There’s a

                  <Connect(ModalLauncher)
                                    with={
                                                      Object {
                                                                        "id": "hints/how-many-coupons-left",
                                                                        "info": Object {
                                                                          "buttons": Array [
                                                                            Object {
                                                                              "branded": true,
                                                                              "text": "Submit Now",
                                                                              "to": "/submit/compose",
                                                                            },
                                                                          ],
                                                                          "image": "image-froth_1511062_ByvHiFXdX",
                                                                          "text": <span>
                                                                            There are only

                                                                            <strong>
                                                                                                  <PureComponent
                                                                                                                        from="promotions"
                                                                                                                        id="coupons-left"
                                                                                                  />

                                                                                                  coupons left
                                                                            </strong>
                                                                            !
                                                      </span>,
                                                                          "title": "How Many Coupons Left?",
                                                                        },
                                                                      }
                                    }
                  >
                                    limited number
                  </Connect(ModalLauncher)>

                  of coupons available.
</strong>,
              },
              "ref": null,
              "rendered": Object {
                "instance": null,
                "key": undefined,
                "nodeType": "host",
                "props": Object {
                  "children": Array [
                    "There’s a",
                    " ",
                    <Connect(ModalLauncher)
                      with={
                                            Object {
                                                                  "id": "hints/how-many-coupons-left",
                                                                  "info": Object {
                                                                    "buttons": Array [
                                                                      Object {
                                                                        "branded": true,
                                                                        "text": "Submit Now",
                                                                        "to": "/submit/compose",
                                                                      },
                                                                    ],
                                                                    "image": "image-froth_1511062_ByvHiFXdX",
                                                                    "text": <span>
                                                                      There are only

                                                                      <strong>
                                                                                                <PureComponent
                                                                                                                          from="promotions"
                                                                                                                          id="coupons-left"
                                                                                                />

                                                                                                coupons left
                                                                      </strong>
                                                                      !
                                            </span>,
                                                                    "title": "How Many Coupons Left?",
                                                                  },
                                                                }
                      }
>
                      limited number
</Connect(ModalLauncher)>,
                    " ",
                    "of coupons available.",
                  ],
                },
                "ref": null,
                "rendered": Array [
                  "There’s a",
                  " ",
                  Object {
                    "instance": null,
                    "key": undefined,
                    "nodeType": "class",
                    "props": Object {
                      "children": "limited number",
                      "with": Object {
                        "id": "hints/how-many-coupons-left",
                        "info": Object {
                          "buttons": Array [
                            Object {
                              "branded": true,
                              "text": "Submit Now",
                              "to": "/submit/compose",
                            },
                          ],
                          "image": "image-froth_1511062_ByvHiFXdX",
                          "text": <span>
                            There are only

                            <strong>
                                                        <PureComponent
                                                                                    from="promotions"
                                                                                    id="coupons-left"
                                                        />

                                                        coupons left
                            </strong>
                            !
</span>,
                          "title": "How Many Coupons Left?",
                        },
                      },
                    },
                    "ref": null,
                    "rendered": "limited number",
                    "type": [Function],
                  },
                  " ",
                  "of coupons available.",
                ],
                "type": "strong",
              },
              "type": "p",
            },
            Object {
              "instance": null,
              "key": undefined,
              "nodeType": "host",
              "props": Object {
                "children": <Unknown
                  branded={true}
                  to="/submit/compose"
>
                  Submit Now
</Unknown>,
                "style": Object {
                  "textAlign": "center",
                },
              },
              "ref": null,
              "rendered": Object {
                "instance": null,
                "key": undefined,
                "nodeType": "function",
                "props": Object {
                  "branded": true,
                  "children": "Submit Now",
                  "to": "/submit/compose",
                },
                "ref": null,
                "rendered": "Submit Now",
                "type": [Function],
              },
              "type": "div",
            },
            Object {
              "instance": null,
              "key": undefined,
              "nodeType": "host",
              "props": Object {},
              "ref": null,
              "rendered": null,
              "type": "hr",
            },
            Object {
              "instance": null,
              "key": undefined,
              "nodeType": "function",
              "props": Object {},
              "ref": null,
              "rendered": null,
              "type": [Function],
            },
            Object {
              "instance": null,
              "key": undefined,
              "nodeType": "class",
              "props": Object {
                "children": Array [
                  <p>
                    <em>
                                        We’ll take care of the grammar.
                    </em>
</p>,
                  <Unknown
                    branded={true}
                    to="/submit/compose"
>
                    Submit Now
</Unknown>,
                  <p>
                    <em>
                                        - or -
                    </em>
</p>,
                  <p>
                    <Unknown
                                        to="/sign-in"
                    >
                                        <strong>
                                                            Sign in
                                        </strong>
                    </Unknown>

                    if you have an account.
</p>,
                ],
              },
              "ref": null,
              "rendered": Array [
                Object {
                  "instance": null,
                  "key": undefined,
                  "nodeType": "host",
                  "props": Object {
                    "children": <em>
                      We’ll take care of the grammar.
</em>,
                  },
                  "ref": null,
                  "rendered": Object {
                    "instance": null,
                    "key": undefined,
                    "nodeType": "host",
                    "props": Object {
                      "children": "We’ll take care of the grammar.",
                    },
                    "ref": null,
                    "rendered": "We’ll take care of the grammar.",
                    "type": "em",
                  },
                  "type": "p",
                },
                Object {
                  "instance": null,
                  "key": undefined,
                  "nodeType": "function",
                  "props": Object {
                    "branded": true,
                    "children": "Submit Now",
                    "to": "/submit/compose",
                  },
                  "ref": null,
                  "rendered": "Submit Now",
                  "type": [Function],
                },
                Object {
                  "instance": null,
                  "key": undefined,
                  "nodeType": "host",
                  "props": Object {
                    "children": <em>
                      - or -
</em>,
                  },
                  "ref": null,
                  "rendered": Object {
                    "instance": null,
                    "key": undefined,
                    "nodeType": "host",
                    "props": Object {
                      "children": "- or -",
                    },
                    "ref": null,
                    "rendered": "- or -",
                    "type": "em",
                  },
                  "type": "p",
                },
                Object {
                  "instance": null,
                  "key": undefined,
                  "nodeType": "host",
                  "props": Object {
                    "children": Array [
                      <Unknown
                        to="/sign-in"
>
                        <strong>
                                                Sign in
                        </strong>
</Unknown>,
                      " ",
                      "if you have an account.",
                    ],
                  },
                  "ref": null,
                  "rendered": Array [
                    Object {
                      "instance": null,
                      "key": undefined,
                      "nodeType": "function",
                      "props": Object {
                        "children": <strong>
                          Sign in
</strong>,
                        "to": "/sign-in",
                      },
                      "ref": null,
                      "rendered": Object {
                        "instance": null,
                        "key": undefined,
                        "nodeType": "host",
                        "props": Object {
                          "children": "Sign in",
                        },
                        "ref": null,
                        "rendered": "Sign in",
                        "type": "strong",
                      },
                      "type": [Function],
                    },
                    " ",
                    "if you have an account.",
                  ],
                  "type": "p",
                },
              ],
              "type": [Function],
            },
          ],
          "type": [Function],
        },
      ],
      "type": [Function],
    },
  ],
  Symbol(enzyme.__options__): Object {
    "adapter": ReactSixteenAdapter {
      "options": Object {
        "enableComponentDidUpdateOnSetState": true,
      },
    },
  },
}
`;
