// Jest Snapshot v1, https://goo.gl/fbAQLP

exports[`Render PictureMenu, matches snapshot 1`] = `
ShallowWrapper {
  Symbol(enzyme.__root__): [Circular],
  Symbol(enzyme.__unrendered__): <Unknown />,
  Symbol(enzyme.__renderer__): Object {
    "batchedUpdates": [Function],
    "checkPropTypes": [Function],
    "getNode": [Function],
    "render": [Function],
    "simulateError": [Function],
    "simulateEvent": [Function],
    "unmount": [Function],
  },
  Symbol(enzyme.__node__): Object {
    "instance": null,
    "key": undefined,
    "nodeType": "class",
    "props": Object {
      "children": <styled.div
        style={
                Object {
                        "margin": "0 auto",
                        "pointerEvents": "auto",
                      }
        }
>
        <div>
                <Unknown
                        inverse={true}
                        left={true}
                        onMouseDown={[Function]}
                >
                        Delete
                </Unknown>
                <Unknown
                        inverse={true}
                        onMouseDown={[Function]}
                        right={true}
                        title="⌘ + F"
                >
                        Resize
                </Unknown>
        </div>
</styled.div>,
      "style": Object {
        "pointerEvents": "none",
      },
    },
    "ref": null,
    "rendered": Object {
      "instance": null,
      "key": undefined,
      "nodeType": "class",
      "props": Object {
        "children": <div>
          <Unknown
                    inverse={true}
                    left={true}
                    onMouseDown={[Function]}
          >
                    Delete
          </Unknown>
          <Unknown
                    inverse={true}
                    onMouseDown={[Function]}
                    right={true}
                    title="⌘ + F"
          >
                    Resize
          </Unknown>
</div>,
        "style": Object {
          "margin": "0 auto",
          "pointerEvents": "auto",
        },
      },
      "ref": null,
      "rendered": Object {
        "instance": null,
        "key": undefined,
        "nodeType": "host",
        "props": Object {
          "children": Array [
            <Unknown
              inverse={true}
              left={true}
              onMouseDown={[Function]}
>
              Delete
</Unknown>,
            <Unknown
              inverse={true}
              onMouseDown={[Function]}
              right={true}
              title="⌘ + F"
>
              Resize
</Unknown>,
          ],
        },
        "ref": null,
        "rendered": Array [
          Object {
            "instance": null,
            "key": undefined,
            "nodeType": "function",
            "props": Object {
              "children": "Delete",
              "inverse": true,
              "left": true,
              "onMouseDown": [Function],
            },
            "ref": null,
            "rendered": "Delete",
            "type": [Function],
          },
          Object {
            "instance": null,
            "key": undefined,
            "nodeType": "function",
            "props": Object {
              "children": "Resize",
              "inverse": true,
              "onMouseDown": [Function],
              "right": true,
              "title": "⌘ + F",
            },
            "ref": null,
            "rendered": "Resize",
            "type": [Function],
          },
        ],
        "type": "div",
      },
      "type": [Function],
    },
    "type": [Function],
  },
  Symbol(enzyme.__nodes__): Array [
    Object {
      "instance": null,
      "key": undefined,
      "nodeType": "class",
      "props": Object {
        "children": <styled.div
          style={
                    Object {
                              "margin": "0 auto",
                              "pointerEvents": "auto",
                            }
          }
>
          <div>
                    <Unknown
                              inverse={true}
                              left={true}
                              onMouseDown={[Function]}
                    >
                              Delete
                    </Unknown>
                    <Unknown
                              inverse={true}
                              onMouseDown={[Function]}
                              right={true}
                              title="⌘ + F"
                    >
                              Resize
                    </Unknown>
          </div>
</styled.div>,
        "style": Object {
          "pointerEvents": "none",
        },
      },
      "ref": null,
      "rendered": Object {
        "instance": null,
        "key": undefined,
        "nodeType": "class",
        "props": Object {
          "children": <div>
            <Unknown
                        inverse={true}
                        left={true}
                        onMouseDown={[Function]}
            >
                        Delete
            </Unknown>
            <Unknown
                        inverse={true}
                        onMouseDown={[Function]}
                        right={true}
                        title="⌘ + F"
            >
                        Resize
            </Unknown>
</div>,
          "style": Object {
            "margin": "0 auto",
            "pointerEvents": "auto",
          },
        },
        "ref": null,
        "rendered": Object {
          "instance": null,
          "key": undefined,
          "nodeType": "host",
          "props": Object {
            "children": Array [
              <Unknown
                inverse={true}
                left={true}
                onMouseDown={[Function]}
>
                Delete
</Unknown>,
              <Unknown
                inverse={true}
                onMouseDown={[Function]}
                right={true}
                title="⌘ + F"
>
                Resize
</Unknown>,
            ],
          },
          "ref": null,
          "rendered": Array [
            Object {
              "instance": null,
              "key": undefined,
              "nodeType": "function",
              "props": Object {
                "children": "Delete",
                "inverse": true,
                "left": true,
                "onMouseDown": [Function],
              },
              "ref": null,
              "rendered": "Delete",
              "type": [Function],
            },
            Object {
              "instance": null,
              "key": undefined,
              "nodeType": "function",
              "props": Object {
                "children": "Resize",
                "inverse": true,
                "onMouseDown": [Function],
                "right": true,
                "title": "⌘ + F",
              },
              "ref": null,
              "rendered": "Resize",
              "type": [Function],
            },
          ],
          "type": "div",
        },
        "type": [Function],
      },
      "type": [Function],
    },
  ],
  Symbol(enzyme.__options__): Object {
    "adapter": ReactSixteenAdapter {
      "options": Object {
        "enableComponentDidUpdateOnSetState": true,
        "legacyContextMode": "parent",
        "lifecycles": Object {
          "componentDidUpdate": Object {
            "onSetState": true,
          },
          "getChildContext": Object {
            "calledByRenderer": false,
          },
          "getDerivedStateFromError": true,
          "getDerivedStateFromProps": Object {
            "hasShouldComponentUpdateBug": false,
          },
          "getSnapshotBeforeUpdate": true,
          "setState": Object {
            "skipsComponentDidUpdateOnNullish": true,
          },
        },
      },
    },
  },
}
`;
