// Jest Snapshot v1, https://goo.gl/fbAQLP

exports[`Render SearchForm, matches snapshot 1`] = `
ShallowWrapper {
  Symbol(enzyme.__root__): [Circular],
  Symbol(enzyme.__unrendered__): <Component />,
  Symbol(enzyme.__renderer__): Object {
    "batchedUpdates": [Function],
    "checkPropTypes": [Function],
    "getNode": [Function],
    "render": [Function],
    "simulateError": [Function],
    "simulateEvent": [Function],
    "unmount": [Function],
  },
  Symbol(enzyme.__node__): Object {
    "instance": null,
    "key": undefined,
    "nodeType": "class",
    "props": Object {
      "children": Array [
        <Unknown
          autoFocus={undefined}
          onChange={[Function]}
          onClick={[Function]}
          value={undefined}
          warning={false}
/>,
        <Unknown
          branded={true}
          loading={undefined}
          onClick={[Function]}
>
          <styled.span
                    inverse={true}
          >
                    Search 
                    <Unknown />
          </styled.span>
</Unknown>,
      ],
      "style": null,
      "withinGroup": undefined,
    },
    "ref": null,
    "rendered": Array [
      Object {
        "instance": null,
        "key": undefined,
        "nodeType": "function",
        "props": Object {
          "autoFocus": undefined,
          "onChange": [Function],
          "onClick": [Function],
          "value": undefined,
          "warning": false,
        },
        "ref": null,
        "rendered": null,
        "type": [Function],
      },
      Object {
        "instance": null,
        "key": undefined,
        "nodeType": "function",
        "props": Object {
          "branded": true,
          "children": <styled.span
            inverse={true}
>
            Search 
            <Unknown />
</styled.span>,
          "loading": undefined,
          "onClick": [Function],
        },
        "ref": null,
        "rendered": Object {
          "instance": null,
          "key": undefined,
          "nodeType": "class",
          "props": Object {
            "children": Array [
              "Search ",
              <Unknown />,
            ],
            "inverse": true,
          },
          "ref": null,
          "rendered": Array [
            "Search ",
            Object {
              "instance": null,
              "key": undefined,
              "nodeType": "function",
              "props": Object {},
              "ref": null,
              "rendered": null,
              "type": [Function],
            },
          ],
          "type": [Function],
        },
        "type": [Function],
      },
    ],
    "type": [Function],
  },
  Symbol(enzyme.__nodes__): Array [
    Object {
      "instance": null,
      "key": undefined,
      "nodeType": "class",
      "props": Object {
        "children": Array [
          <Unknown
            autoFocus={undefined}
            onChange={[Function]}
            onClick={[Function]}
            value={undefined}
            warning={false}
/>,
          <Unknown
            branded={true}
            loading={undefined}
            onClick={[Function]}
>
            <styled.span
                        inverse={true}
            >
                        Search 
                        <Unknown />
            </styled.span>
</Unknown>,
        ],
        "style": null,
        "withinGroup": undefined,
      },
      "ref": null,
      "rendered": Array [
        Object {
          "instance": null,
          "key": undefined,
          "nodeType": "function",
          "props": Object {
            "autoFocus": undefined,
            "onChange": [Function],
            "onClick": [Function],
            "value": undefined,
            "warning": false,
          },
          "ref": null,
          "rendered": null,
          "type": [Function],
        },
        Object {
          "instance": null,
          "key": undefined,
          "nodeType": "function",
          "props": Object {
            "branded": true,
            "children": <styled.span
              inverse={true}
>
              Search 
              <Unknown />
</styled.span>,
            "loading": undefined,
            "onClick": [Function],
          },
          "ref": null,
          "rendered": Object {
            "instance": null,
            "key": undefined,
            "nodeType": "class",
            "props": Object {
              "children": Array [
                "Search ",
                <Unknown />,
              ],
              "inverse": true,
            },
            "ref": null,
            "rendered": Array [
              "Search ",
              Object {
                "instance": null,
                "key": undefined,
                "nodeType": "function",
                "props": Object {},
                "ref": null,
                "rendered": null,
                "type": [Function],
              },
            ],
            "type": [Function],
          },
          "type": [Function],
        },
      ],
      "type": [Function],
    },
  ],
  Symbol(enzyme.__options__): Object {
    "adapter": ReactSixteenAdapter {
      "options": Object {
        "enableComponentDidUpdateOnSetState": true,
        "legacyContextMode": "parent",
        "lifecycles": Object {
          "componentDidUpdate": Object {
            "onSetState": true,
          },
          "getChildContext": Object {
            "calledByRenderer": false,
          },
          "getDerivedStateFromError": true,
          "getDerivedStateFromProps": Object {
            "hasShouldComponentUpdateBug": false,
          },
          "getSnapshotBeforeUpdate": true,
          "setState": Object {
            "skipsComponentDidUpdateOnNullish": true,
          },
        },
      },
    },
  },
  Symbol(enzyme.__childContext__): null,
}
`;
