// Jest Snapshot v1, https://goo.gl/fbAQLP

exports[`Render routes App, matches snapshot 1`] = `
ShallowWrapper {
  "length": 1,
  Symbol(enzyme.__root__): [Circular],
  Symbol(enzyme.__unrendered__): <Unknown />,
  Symbol(enzyme.__renderer__): Object {
    "batchedUpdates": [Function],
    "getNode": [Function],
    "render": [Function],
    "simulateEvent": [Function],
    "unmount": [Function],
  },
  Symbol(enzyme.__node__): Object {
    "instance": null,
    "key": undefined,
    "nodeType": "host",
    "props": Object {
      "children": <Switch>
        <Route
                component={[Function]}
                exact={true}
                path="/author"
        />
        <Route
                component={[Function]}
                exact={true}
                path="/zine"
        />
        <Route
                component={[Function]}
                exact={true}
                path="/author/*"
        />
        <Route
                component={[Function]}
                exact={true}
                path="/zine/*"
        />
        <Route
                exact={true}
                path="/photo-essays"
                render={[Function]}
        />
        <Route
                exact={true}
                path="/articles"
                render={[Function]}
        />
        <Route
                exact={true}
                path="/stories"
                render={[Function]}
        />
        <Route
                exact={true}
                path="/storys"
                render={[Function]}
        />
        <Route
                exact={true}
                path="/guides"
                render={[Function]}
        />
        <Route
                exact={true}
                path="/reviews"
                render={[Function]}
        />
        <Route
                component={[Function]}
                exact={true}
                path="/"
        />
        <Route
                component={[Function]}
                exact={true}
                path="/film-cameras"
        />
        <Route
                component={[Function]}
                exact={true}
                path="/places"
        />
        <Route
                component={[Function]}
                exact={true}
                path="/art"
        />
        <Route
                component={[Function]}
                exact={true}
                path="/photo-stories"
        />
        <Route
                component={[Function]}
                exact={true}
                path="/editorials"
        />
        <Route
                component={[Function]}
                exact={true}
                path="/unclassifieds"
        />
        <Route
                component={[Function]}
                exact={true}
                path="/collaborations"
        />
        <Route
                component={[Function]}
                exact={true}
                path="/solo-projects"
        />
        <Route
                component={[Function]}
                exact={true}
                path="/me"
        />
        <Route
                component={[Function]}
                exact={true}
                path="/me/admin"
        />
        <Route
                component={[Function]}
                exact={true}
                path="/submissions/*"
        />
        <Route
                component={[Function]}
                exact={true}
                path="/me/edit"
        />
        <Route
                component={[Function]}
                exact={true}
                path="/sign-in"
        />
        <Route
                component={[Function]}
                exact={true}
                path="/sign-out"
        />
        <Route
                component={[Function]}
                exact={true}
                path="/about"
        />
        <Route
                component={[Function]}
                path="/submit"
        />
        <Route
                component={[Function]}
                exact={true}
                path="/privacy-policy"
        />
        <Route
                component={[Function]}
                exact={true}
                path="/privacy-settings"
        />
        <Route
                component={[Function]}
                state={
                        Object {
                                "status": "404",
                              }
                }
        />
</Switch>,
    },
    "ref": null,
    "rendered": Object {
      "instance": null,
      "key": undefined,
      "nodeType": "class",
      "props": Object {
        "children": Array [
          <Route
            component={[Function]}
            exact={true}
            path="/author"
/>,
          <Route
            component={[Function]}
            exact={true}
            path="/zine"
/>,
          <Route
            component={[Function]}
            exact={true}
            path="/author/*"
/>,
          <Route
            component={[Function]}
            exact={true}
            path="/zine/*"
/>,
          <Route
            exact={true}
            path="/photo-essays"
            render={[Function]}
/>,
          <Route
            exact={true}
            path="/articles"
            render={[Function]}
/>,
          <Route
            exact={true}
            path="/stories"
            render={[Function]}
/>,
          <Route
            exact={true}
            path="/storys"
            render={[Function]}
/>,
          <Route
            exact={true}
            path="/guides"
            render={[Function]}
/>,
          <Route
            exact={true}
            path="/reviews"
            render={[Function]}
/>,
          <Route
            component={[Function]}
            exact={true}
            path="/"
/>,
          <Route
            component={[Function]}
            exact={true}
            path="/film-cameras"
/>,
          <Route
            component={[Function]}
            exact={true}
            path="/places"
/>,
          <Route
            component={[Function]}
            exact={true}
            path="/art"
/>,
          <Route
            component={[Function]}
            exact={true}
            path="/photo-stories"
/>,
          <Route
            component={[Function]}
            exact={true}
            path="/editorials"
/>,
          <Route
            component={[Function]}
            exact={true}
            path="/unclassifieds"
/>,
          <Route
            component={[Function]}
            exact={true}
            path="/collaborations"
/>,
          <Route
            component={[Function]}
            exact={true}
            path="/solo-projects"
/>,
          <Route
            component={[Function]}
            exact={true}
            path="/me"
/>,
          <Route
            component={[Function]}
            exact={true}
            path="/me/admin"
/>,
          <Route
            component={[Function]}
            exact={true}
            path="/submissions/*"
/>,
          <Route
            component={[Function]}
            exact={true}
            path="/me/edit"
/>,
          <Route
            component={[Function]}
            exact={true}
            path="/sign-in"
/>,
          <Route
            component={[Function]}
            exact={true}
            path="/sign-out"
/>,
          <Route
            component={[Function]}
            exact={true}
            path="/about"
/>,
          <Route
            component={[Function]}
            path="/submit"
/>,
          <Route
            component={[Function]}
            exact={true}
            path="/privacy-policy"
/>,
          <Route
            component={[Function]}
            exact={true}
            path="/privacy-settings"
/>,
          <Route
            component={[Function]}
            state={
                        Object {
                                    "status": "404",
                                  }
            }
/>,
        ],
      },
      "ref": null,
      "rendered": Array [
        Object {
          "instance": null,
          "key": undefined,
          "nodeType": "class",
          "props": Object {
            "component": [Function],
            "exact": true,
            "path": "/author",
          },
          "ref": null,
          "rendered": null,
          "type": [Function],
        },
        Object {
          "instance": null,
          "key": undefined,
          "nodeType": "class",
          "props": Object {
            "component": [Function],
            "exact": true,
            "path": "/zine",
          },
          "ref": null,
          "rendered": null,
          "type": [Function],
        },
        Object {
          "instance": null,
          "key": undefined,
          "nodeType": "class",
          "props": Object {
            "component": [Function],
            "exact": true,
            "path": "/author/*",
          },
          "ref": null,
          "rendered": null,
          "type": [Function],
        },
        Object {
          "instance": null,
          "key": undefined,
          "nodeType": "class",
          "props": Object {
            "component": [Function],
            "exact": true,
            "path": "/zine/*",
          },
          "ref": null,
          "rendered": null,
          "type": [Function],
        },
        Object {
          "instance": null,
          "key": undefined,
          "nodeType": "class",
          "props": Object {
            "exact": true,
            "path": "/photo-essays",
            "render": [Function],
          },
          "ref": null,
          "rendered": null,
          "type": [Function],
        },
        Object {
          "instance": null,
          "key": undefined,
          "nodeType": "class",
          "props": Object {
            "exact": true,
            "path": "/articles",
            "render": [Function],
          },
          "ref": null,
          "rendered": null,
          "type": [Function],
        },
        Object {
          "instance": null,
          "key": undefined,
          "nodeType": "class",
          "props": Object {
            "exact": true,
            "path": "/stories",
            "render": [Function],
          },
          "ref": null,
          "rendered": null,
          "type": [Function],
        },
        Object {
          "instance": null,
          "key": undefined,
          "nodeType": "class",
          "props": Object {
            "exact": true,
            "path": "/storys",
            "render": [Function],
          },
          "ref": null,
          "rendered": null,
          "type": [Function],
        },
        Object {
          "instance": null,
          "key": undefined,
          "nodeType": "class",
          "props": Object {
            "exact": true,
            "path": "/guides",
            "render": [Function],
          },
          "ref": null,
          "rendered": null,
          "type": [Function],
        },
        Object {
          "instance": null,
          "key": undefined,
          "nodeType": "class",
          "props": Object {
            "exact": true,
            "path": "/reviews",
            "render": [Function],
          },
          "ref": null,
          "rendered": null,
          "type": [Function],
        },
        Object {
          "instance": null,
          "key": undefined,
          "nodeType": "class",
          "props": Object {
            "component": [Function],
            "exact": true,
            "path": "/",
          },
          "ref": null,
          "rendered": null,
          "type": [Function],
        },
        Object {
          "instance": null,
          "key": undefined,
          "nodeType": "class",
          "props": Object {
            "component": [Function],
            "exact": true,
            "path": "/film-cameras",
          },
          "ref": null,
          "rendered": null,
          "type": [Function],
        },
        Object {
          "instance": null,
          "key": undefined,
          "nodeType": "class",
          "props": Object {
            "component": [Function],
            "exact": true,
            "path": "/places",
          },
          "ref": null,
          "rendered": null,
          "type": [Function],
        },
        Object {
          "instance": null,
          "key": undefined,
          "nodeType": "class",
          "props": Object {
            "component": [Function],
            "exact": true,
            "path": "/art",
          },
          "ref": null,
          "rendered": null,
          "type": [Function],
        },
        Object {
          "instance": null,
          "key": undefined,
          "nodeType": "class",
          "props": Object {
            "component": [Function],
            "exact": true,
            "path": "/photo-stories",
          },
          "ref": null,
          "rendered": null,
          "type": [Function],
        },
        Object {
          "instance": null,
          "key": undefined,
          "nodeType": "class",
          "props": Object {
            "component": [Function],
            "exact": true,
            "path": "/editorials",
          },
          "ref": null,
          "rendered": null,
          "type": [Function],
        },
        Object {
          "instance": null,
          "key": undefined,
          "nodeType": "class",
          "props": Object {
            "component": [Function],
            "exact": true,
            "path": "/unclassifieds",
          },
          "ref": null,
          "rendered": null,
          "type": [Function],
        },
        Object {
          "instance": null,
          "key": undefined,
          "nodeType": "class",
          "props": Object {
            "component": [Function],
            "exact": true,
            "path": "/collaborations",
          },
          "ref": null,
          "rendered": null,
          "type": [Function],
        },
        Object {
          "instance": null,
          "key": undefined,
          "nodeType": "class",
          "props": Object {
            "component": [Function],
            "exact": true,
            "path": "/solo-projects",
          },
          "ref": null,
          "rendered": null,
          "type": [Function],
        },
        Object {
          "instance": null,
          "key": undefined,
          "nodeType": "class",
          "props": Object {
            "component": [Function],
            "exact": true,
            "path": "/me",
          },
          "ref": null,
          "rendered": null,
          "type": [Function],
        },
        Object {
          "instance": null,
          "key": undefined,
          "nodeType": "class",
          "props": Object {
            "component": [Function],
            "exact": true,
            "path": "/me/admin",
          },
          "ref": null,
          "rendered": null,
          "type": [Function],
        },
        Object {
          "instance": null,
          "key": undefined,
          "nodeType": "class",
          "props": Object {
            "component": [Function],
            "exact": true,
            "path": "/submissions/*",
          },
          "ref": null,
          "rendered": null,
          "type": [Function],
        },
        Object {
          "instance": null,
          "key": undefined,
          "nodeType": "class",
          "props": Object {
            "component": [Function],
            "exact": true,
            "path": "/me/edit",
          },
          "ref": null,
          "rendered": null,
          "type": [Function],
        },
        Object {
          "instance": null,
          "key": undefined,
          "nodeType": "class",
          "props": Object {
            "component": [Function],
            "exact": true,
            "path": "/sign-in",
          },
          "ref": null,
          "rendered": null,
          "type": [Function],
        },
        Object {
          "instance": null,
          "key": undefined,
          "nodeType": "class",
          "props": Object {
            "component": [Function],
            "exact": true,
            "path": "/sign-out",
          },
          "ref": null,
          "rendered": null,
          "type": [Function],
        },
        Object {
          "instance": null,
          "key": undefined,
          "nodeType": "class",
          "props": Object {
            "component": [Function],
            "exact": true,
            "path": "/about",
          },
          "ref": null,
          "rendered": null,
          "type": [Function],
        },
        Object {
          "instance": null,
          "key": undefined,
          "nodeType": "class",
          "props": Object {
            "component": [Function],
            "path": "/submit",
          },
          "ref": null,
          "rendered": null,
          "type": [Function],
        },
        Object {
          "instance": null,
          "key": undefined,
          "nodeType": "class",
          "props": Object {
            "component": [Function],
            "exact": true,
            "path": "/privacy-policy",
          },
          "ref": null,
          "rendered": null,
          "type": [Function],
        },
        Object {
          "instance": null,
          "key": undefined,
          "nodeType": "class",
          "props": Object {
            "component": [Function],
            "exact": true,
            "path": "/privacy-settings",
          },
          "ref": null,
          "rendered": null,
          "type": [Function],
        },
        Object {
          "instance": null,
          "key": undefined,
          "nodeType": "class",
          "props": Object {
            "component": [Function],
            "state": Object {
              "status": "404",
            },
          },
          "ref": null,
          "rendered": null,
          "type": [Function],
        },
      ],
      "type": [Function],
    },
    "type": "main",
  },
  Symbol(enzyme.__nodes__): Array [
    Object {
      "instance": null,
      "key": undefined,
      "nodeType": "host",
      "props": Object {
        "children": <Switch>
          <Route
                    component={[Function]}
                    exact={true}
                    path="/author"
          />
          <Route
                    component={[Function]}
                    exact={true}
                    path="/zine"
          />
          <Route
                    component={[Function]}
                    exact={true}
                    path="/author/*"
          />
          <Route
                    component={[Function]}
                    exact={true}
                    path="/zine/*"
          />
          <Route
                    exact={true}
                    path="/photo-essays"
                    render={[Function]}
          />
          <Route
                    exact={true}
                    path="/articles"
                    render={[Function]}
          />
          <Route
                    exact={true}
                    path="/stories"
                    render={[Function]}
          />
          <Route
                    exact={true}
                    path="/storys"
                    render={[Function]}
          />
          <Route
                    exact={true}
                    path="/guides"
                    render={[Function]}
          />
          <Route
                    exact={true}
                    path="/reviews"
                    render={[Function]}
          />
          <Route
                    component={[Function]}
                    exact={true}
                    path="/"
          />
          <Route
                    component={[Function]}
                    exact={true}
                    path="/film-cameras"
          />
          <Route
                    component={[Function]}
                    exact={true}
                    path="/places"
          />
          <Route
                    component={[Function]}
                    exact={true}
                    path="/art"
          />
          <Route
                    component={[Function]}
                    exact={true}
                    path="/photo-stories"
          />
          <Route
                    component={[Function]}
                    exact={true}
                    path="/editorials"
          />
          <Route
                    component={[Function]}
                    exact={true}
                    path="/unclassifieds"
          />
          <Route
                    component={[Function]}
                    exact={true}
                    path="/collaborations"
          />
          <Route
                    component={[Function]}
                    exact={true}
                    path="/solo-projects"
          />
          <Route
                    component={[Function]}
                    exact={true}
                    path="/me"
          />
          <Route
                    component={[Function]}
                    exact={true}
                    path="/me/admin"
          />
          <Route
                    component={[Function]}
                    exact={true}
                    path="/submissions/*"
          />
          <Route
                    component={[Function]}
                    exact={true}
                    path="/me/edit"
          />
          <Route
                    component={[Function]}
                    exact={true}
                    path="/sign-in"
          />
          <Route
                    component={[Function]}
                    exact={true}
                    path="/sign-out"
          />
          <Route
                    component={[Function]}
                    exact={true}
                    path="/about"
          />
          <Route
                    component={[Function]}
                    path="/submit"
          />
          <Route
                    component={[Function]}
                    exact={true}
                    path="/privacy-policy"
          />
          <Route
                    component={[Function]}
                    exact={true}
                    path="/privacy-settings"
          />
          <Route
                    component={[Function]}
                    state={
                              Object {
                                        "status": "404",
                                      }
                    }
          />
</Switch>,
      },
      "ref": null,
      "rendered": Object {
        "instance": null,
        "key": undefined,
        "nodeType": "class",
        "props": Object {
          "children": Array [
            <Route
              component={[Function]}
              exact={true}
              path="/author"
/>,
            <Route
              component={[Function]}
              exact={true}
              path="/zine"
/>,
            <Route
              component={[Function]}
              exact={true}
              path="/author/*"
/>,
            <Route
              component={[Function]}
              exact={true}
              path="/zine/*"
/>,
            <Route
              exact={true}
              path="/photo-essays"
              render={[Function]}
/>,
            <Route
              exact={true}
              path="/articles"
              render={[Function]}
/>,
            <Route
              exact={true}
              path="/stories"
              render={[Function]}
/>,
            <Route
              exact={true}
              path="/storys"
              render={[Function]}
/>,
            <Route
              exact={true}
              path="/guides"
              render={[Function]}
/>,
            <Route
              exact={true}
              path="/reviews"
              render={[Function]}
/>,
            <Route
              component={[Function]}
              exact={true}
              path="/"
/>,
            <Route
              component={[Function]}
              exact={true}
              path="/film-cameras"
/>,
            <Route
              component={[Function]}
              exact={true}
              path="/places"
/>,
            <Route
              component={[Function]}
              exact={true}
              path="/art"
/>,
            <Route
              component={[Function]}
              exact={true}
              path="/photo-stories"
/>,
            <Route
              component={[Function]}
              exact={true}
              path="/editorials"
/>,
            <Route
              component={[Function]}
              exact={true}
              path="/unclassifieds"
/>,
            <Route
              component={[Function]}
              exact={true}
              path="/collaborations"
/>,
            <Route
              component={[Function]}
              exact={true}
              path="/solo-projects"
/>,
            <Route
              component={[Function]}
              exact={true}
              path="/me"
/>,
            <Route
              component={[Function]}
              exact={true}
              path="/me/admin"
/>,
            <Route
              component={[Function]}
              exact={true}
              path="/submissions/*"
/>,
            <Route
              component={[Function]}
              exact={true}
              path="/me/edit"
/>,
            <Route
              component={[Function]}
              exact={true}
              path="/sign-in"
/>,
            <Route
              component={[Function]}
              exact={true}
              path="/sign-out"
/>,
            <Route
              component={[Function]}
              exact={true}
              path="/about"
/>,
            <Route
              component={[Function]}
              path="/submit"
/>,
            <Route
              component={[Function]}
              exact={true}
              path="/privacy-policy"
/>,
            <Route
              component={[Function]}
              exact={true}
              path="/privacy-settings"
/>,
            <Route
              component={[Function]}
              state={
                            Object {
                                          "status": "404",
                                        }
              }
/>,
          ],
        },
        "ref": null,
        "rendered": Array [
          Object {
            "instance": null,
            "key": undefined,
            "nodeType": "class",
            "props": Object {
              "component": [Function],
              "exact": true,
              "path": "/author",
            },
            "ref": null,
            "rendered": null,
            "type": [Function],
          },
          Object {
            "instance": null,
            "key": undefined,
            "nodeType": "class",
            "props": Object {
              "component": [Function],
              "exact": true,
              "path": "/zine",
            },
            "ref": null,
            "rendered": null,
            "type": [Function],
          },
          Object {
            "instance": null,
            "key": undefined,
            "nodeType": "class",
            "props": Object {
              "component": [Function],
              "exact": true,
              "path": "/author/*",
            },
            "ref": null,
            "rendered": null,
            "type": [Function],
          },
          Object {
            "instance": null,
            "key": undefined,
            "nodeType": "class",
            "props": Object {
              "component": [Function],
              "exact": true,
              "path": "/zine/*",
            },
            "ref": null,
            "rendered": null,
            "type": [Function],
          },
          Object {
            "instance": null,
            "key": undefined,
            "nodeType": "class",
            "props": Object {
              "exact": true,
              "path": "/photo-essays",
              "render": [Function],
            },
            "ref": null,
            "rendered": null,
            "type": [Function],
          },
          Object {
            "instance": null,
            "key": undefined,
            "nodeType": "class",
            "props": Object {
              "exact": true,
              "path": "/articles",
              "render": [Function],
            },
            "ref": null,
            "rendered": null,
            "type": [Function],
          },
          Object {
            "instance": null,
            "key": undefined,
            "nodeType": "class",
            "props": Object {
              "exact": true,
              "path": "/stories",
              "render": [Function],
            },
            "ref": null,
            "rendered": null,
            "type": [Function],
          },
          Object {
            "instance": null,
            "key": undefined,
            "nodeType": "class",
            "props": Object {
              "exact": true,
              "path": "/storys",
              "render": [Function],
            },
            "ref": null,
            "rendered": null,
            "type": [Function],
          },
          Object {
            "instance": null,
            "key": undefined,
            "nodeType": "class",
            "props": Object {
              "exact": true,
              "path": "/guides",
              "render": [Function],
            },
            "ref": null,
            "rendered": null,
            "type": [Function],
          },
          Object {
            "instance": null,
            "key": undefined,
            "nodeType": "class",
            "props": Object {
              "exact": true,
              "path": "/reviews",
              "render": [Function],
            },
            "ref": null,
            "rendered": null,
            "type": [Function],
          },
          Object {
            "instance": null,
            "key": undefined,
            "nodeType": "class",
            "props": Object {
              "component": [Function],
              "exact": true,
              "path": "/",
            },
            "ref": null,
            "rendered": null,
            "type": [Function],
          },
          Object {
            "instance": null,
            "key": undefined,
            "nodeType": "class",
            "props": Object {
              "component": [Function],
              "exact": true,
              "path": "/film-cameras",
            },
            "ref": null,
            "rendered": null,
            "type": [Function],
          },
          Object {
            "instance": null,
            "key": undefined,
            "nodeType": "class",
            "props": Object {
              "component": [Function],
              "exact": true,
              "path": "/places",
            },
            "ref": null,
            "rendered": null,
            "type": [Function],
          },
          Object {
            "instance": null,
            "key": undefined,
            "nodeType": "class",
            "props": Object {
              "component": [Function],
              "exact": true,
              "path": "/art",
            },
            "ref": null,
            "rendered": null,
            "type": [Function],
          },
          Object {
            "instance": null,
            "key": undefined,
            "nodeType": "class",
            "props": Object {
              "component": [Function],
              "exact": true,
              "path": "/photo-stories",
            },
            "ref": null,
            "rendered": null,
            "type": [Function],
          },
          Object {
            "instance": null,
            "key": undefined,
            "nodeType": "class",
            "props": Object {
              "component": [Function],
              "exact": true,
              "path": "/editorials",
            },
            "ref": null,
            "rendered": null,
            "type": [Function],
          },
          Object {
            "instance": null,
            "key": undefined,
            "nodeType": "class",
            "props": Object {
              "component": [Function],
              "exact": true,
              "path": "/unclassifieds",
            },
            "ref": null,
            "rendered": null,
            "type": [Function],
          },
          Object {
            "instance": null,
            "key": undefined,
            "nodeType": "class",
            "props": Object {
              "component": [Function],
              "exact": true,
              "path": "/collaborations",
            },
            "ref": null,
            "rendered": null,
            "type": [Function],
          },
          Object {
            "instance": null,
            "key": undefined,
            "nodeType": "class",
            "props": Object {
              "component": [Function],
              "exact": true,
              "path": "/solo-projects",
            },
            "ref": null,
            "rendered": null,
            "type": [Function],
          },
          Object {
            "instance": null,
            "key": undefined,
            "nodeType": "class",
            "props": Object {
              "component": [Function],
              "exact": true,
              "path": "/me",
            },
            "ref": null,
            "rendered": null,
            "type": [Function],
          },
          Object {
            "instance": null,
            "key": undefined,
            "nodeType": "class",
            "props": Object {
              "component": [Function],
              "exact": true,
              "path": "/me/admin",
            },
            "ref": null,
            "rendered": null,
            "type": [Function],
          },
          Object {
            "instance": null,
            "key": undefined,
            "nodeType": "class",
            "props": Object {
              "component": [Function],
              "exact": true,
              "path": "/submissions/*",
            },
            "ref": null,
            "rendered": null,
            "type": [Function],
          },
          Object {
            "instance": null,
            "key": undefined,
            "nodeType": "class",
            "props": Object {
              "component": [Function],
              "exact": true,
              "path": "/me/edit",
            },
            "ref": null,
            "rendered": null,
            "type": [Function],
          },
          Object {
            "instance": null,
            "key": undefined,
            "nodeType": "class",
            "props": Object {
              "component": [Function],
              "exact": true,
              "path": "/sign-in",
            },
            "ref": null,
            "rendered": null,
            "type": [Function],
          },
          Object {
            "instance": null,
            "key": undefined,
            "nodeType": "class",
            "props": Object {
              "component": [Function],
              "exact": true,
              "path": "/sign-out",
            },
            "ref": null,
            "rendered": null,
            "type": [Function],
          },
          Object {
            "instance": null,
            "key": undefined,
            "nodeType": "class",
            "props": Object {
              "component": [Function],
              "exact": true,
              "path": "/about",
            },
            "ref": null,
            "rendered": null,
            "type": [Function],
          },
          Object {
            "instance": null,
            "key": undefined,
            "nodeType": "class",
            "props": Object {
              "component": [Function],
              "path": "/submit",
            },
            "ref": null,
            "rendered": null,
            "type": [Function],
          },
          Object {
            "instance": null,
            "key": undefined,
            "nodeType": "class",
            "props": Object {
              "component": [Function],
              "exact": true,
              "path": "/privacy-policy",
            },
            "ref": null,
            "rendered": null,
            "type": [Function],
          },
          Object {
            "instance": null,
            "key": undefined,
            "nodeType": "class",
            "props": Object {
              "component": [Function],
              "exact": true,
              "path": "/privacy-settings",
            },
            "ref": null,
            "rendered": null,
            "type": [Function],
          },
          Object {
            "instance": null,
            "key": undefined,
            "nodeType": "class",
            "props": Object {
              "component": [Function],
              "state": Object {
                "status": "404",
              },
            },
            "ref": null,
            "rendered": null,
            "type": [Function],
          },
        ],
        "type": [Function],
      },
      "type": "main",
    },
  ],
  Symbol(enzyme.__options__): Object {
    "adapter": ReactSixteenAdapter {
      "options": Object {
        "enableComponentDidUpdateOnSetState": true,
      },
    },
  },
}
`;
